  Determining projects to restore...
D:\Project\FinanceTracker\backend\src\API\FinanceTracker.API.csproj : warning NU1608: Detected package version outside of dependency constraint: Pomelo.EntityFrameworkCore.MySql 9.0.0 requires Microsoft.EntityFrameworkCore.Relational (>= 9.0.0 && <= 9.0.999) but version Microsoft.EntityFrameworkCore.Relational 10.0.5 was resolved. [D:\Project\FinanceTracker\backend\FinanceTracker.slnx]
  All projects are up-to-date for restore.
  FinanceTracker.Domain -> D:\Project\FinanceTracker\backend\src\Core\Domain\bin\Debug\net10.0\FinanceTracker.Domain.dll
D:\Project\FinanceTracker\backend\src\Core\Application\Services\TransactionUploadService.cs(29,35): error CS0246: The type or namespace name 'TransactionPreviewDto' could not be found (are you missing a using directive or an assembly reference?) [D:\Project\FinanceTracker\backend\src\Core\Application\FinanceTracker.Application.csproj]
D:\Project\FinanceTracker\backend\src\Core\Application\Services\TransactionUploadService.cs(53,69): error CS0246: The type or namespace name 'TransactionPreviewDto' could not be found (are you missing a using directive or an assembly reference?) [D:\Project\FinanceTracker\backend\src\Core\Application\FinanceTracker.Application.csproj]
D:\Project\FinanceTracker\backend\src\API\FinanceTracker.API.csproj : warning NU1608: Detected package version outside of dependency constraint: Pomelo.EntityFrameworkCore.MySql 9.0.0 requires Microsoft.EntityFrameworkCore.Relational (>= 9.0.0 && <= 9.0.999) but version Microsoft.EntityFrameworkCore.Relational 10.0.5 was resolved.

Build FAILED.

D:\Project\FinanceTracker\backend\src\API\FinanceTracker.API.csproj : warning NU1608: Detected package version outside of dependency constraint: Pomelo.EntityFrameworkCore.MySql 9.0.0 requires Microsoft.EntityFrameworkCore.Relational (>= 9.0.0 && <= 9.0.999) but version Microsoft.EntityFrameworkCore.Relational 10.0.5 was resolved. [D:\Project\FinanceTracker\backend\FinanceTracker.slnx]
D:\Project\FinanceTracker\backend\src\API\FinanceTracker.API.csproj : warning NU1608: Detected package version outside of dependency constraint: Pomelo.EntityFrameworkCore.MySql 9.0.0 requires Microsoft.EntityFrameworkCore.Relational (>= 9.0.0 && <= 9.0.999) but version Microsoft.EntityFrameworkCore.Relational 10.0.5 was resolved.
D:\Project\FinanceTracker\backend\src\Core\Application\Services\TransactionUploadService.cs(29,35): error CS0246: The type or namespace name 'TransactionPreviewDto' could not be found (are you missing a using directive or an assembly reference?) [D:\Project\FinanceTracker\backend\src\Core\Application\FinanceTracker.Application.csproj]
D:\Project\FinanceTracker\backend\src\Core\Application\Services\TransactionUploadService.cs(53,69): error CS0246: The type or namespace name 'TransactionPreviewDto' could not be found (are you missing a using directive or an assembly reference?) [D:\Project\FinanceTracker\backend\src\Core\Application\FinanceTracker.Application.csproj]
    2 Warning(s)
    2 Error(s)

Time Elapsed 00:00:01.39
